I'm sorry, but errors were detected in your script. Please correct the
errors listed below, and try again.


File "game/script.rpy", line 8: expected statement.
    iamge carlos_ch = "carlos neutral.png"
                    ^

Ren'Py Version: Ren'Py 8.2.3.24061702
Mon Jul  8 21:57:10 2024
